npm warn config production Use `--omit=dev` instead.
> rest-express@1.0.0 start
> NODE_ENV=production node dist/index.js
node:internal/errors:496
    ErrorCaptureStackTrace(err);
    ^
TypeError [ERR_INVALID_ARG_TYPE]: The "paths[0]" argument must be of type string. Received undefined
    at new NodeError (node:internal/errors:405:5)
    at validateString (node:internal/validators:162:11)
    at Object.resolve (node:path:1115:7)
    at file:///app/dist/index.js:450:17
    at ModuleJob.run (node:internal/modules/esm/module_job:195:25)
    at async ModuleLoader.import (node:internal/modules/esm/loader:337:24)
    at async loadESM (node:internal/process/esm_loader:34:7)
    at async handleMainPromise (node:internal/modules/run_main:106:12) {
  code: 'ERR_INVALID_ARG_TYPE'
}
Node.js v18.20.8
npm error path /app
npm error command failed
npm error signal SIGTERM
npm error command sh -c node dist/index.js
npm error A complete log of this run can be found in: /root/.npm/_logs/2025-11-21T19_06_48_218Z-debug-0.log
npm warn config production Use `--omit=dev` instead.
> rest-express@1.0.0 start
> NODE_ENV=production node dist/index.js
TypeError [ERR_INVALID_ARG_TYPE]: The "paths[0]" argument must be of type string. Received undefined
    at new NodeError (node:internal/errors:405:5)
    at validateString (node:internal/validators:162:11)
    at Object.resolve (node:path:1115:7)
    at file:///app/dist/index.js:450:17
node:internal/errors:496
    at ModuleJob.run (node:internal/modules/esm/module_job:195:25)
    ErrorCaptureStackTrace(err);
    at async ModuleLoader.import (node:internal/modules/esm/loader:337:24)
    ^
    at async loadESM (node:internal/process/esm_loader:34:7)
    at async handleMainPromise (node:internal/modules/run_main:106:12) {
  code: 'ERR_INVALID_ARG_TYPE'
}
Node.js v18.20.8
npm warn config production Use `--omit=dev` instead.
> rest-express@1.0.0 start
> NODE_ENV=production node dist/index.js
Node.js v18.20.8
node:internal/errors:496
    ErrorCaptureStackTrace(err);
    ^
TypeError [ERR_INVALID_ARG_TYPE]: The "paths[0]" argument must be of type string. Received undefined
    at new NodeError (node:internal/errors:405:5)
    at validateString (node:internal/validators:162:11)
    at Object.resolve (node:path:1115:7)
    at file:///app/dist/index.js:450:17
    at ModuleJob.run (node:internal/modules/esm/module_job:195:25)
    at async ModuleLoader.import (node:internal/modules/esm/loader:337:24)
    at async loadESM (node:internal/process/esm_loader:34:7)
    at async handleMainPromise (node:internal/modules/run_main:106:12) {
  code: 'ERR_INVALID_ARG_TYPE'
}
> NODE_ENV=production node dist/index.js
npm warn config production Use `--omit=dev` instead.
> rest-express@1.0.0 start
    at validateString (node:internal/validators:162:11)
node:internal/errors:496
    at Object.resolve (node:path:1115:7)
    at file:///app/dist/index.js:450:17
    ErrorCaptureStackTrace(err);
    ^
TypeError [ERR_INVALID_ARG_TYPE]: The "paths[0]" argument must be of type string. Received undefined
    at new NodeError (node:internal/errors:405:5)
    at ModuleJob.run (node:internal/modules/esm/module_job:195:25)
    at async ModuleLoader.import (node:internal/modules/esm/loader:337:24)
    at async loadESM (node:internal/process/esm_loader:34:7)
    at async handleMainPromise (node:internal/modules/run_main:106:12) {
  code: 'ERR_INVALID_ARG_TYPE'
}
Node.js v18.20.8
npm warn config production Use `--omit=dev` instead.
> rest-express@1.0.0 start
> NODE_ENV=production node dist/index.js
    ^
node:internal/errors:496
TypeError [ERR_INVALID_ARG_TYPE]: The "paths[0]" argument must be of type string. Received undefined
    ErrorCaptureStackTrace(err);
    at file:///app/dist/index.js:450:17
    at ModuleJob.run (node:internal/modules/esm/module_job:195:25)
    at async ModuleLoader.import (node:internal/modules/esm/loader:337:24)
    at new NodeError (node:internal/errors:405:5)
    at validateString (node:internal/validators:162:11)
    at async loadESM (node:internal/process/esm_loader:34:7)
    at Object.resolve (node:path:1115:7)
    at async handleMainPromise (node:internal/modules/run_main:106:12) {
  code: 'ERR_INVALID_ARG_TYPE'
}
Node.js v18.20.8
Starting Container
ğŸ” Admin API running on port 8080
ğŸ“Š Ready to serve admin dashboard
ğŸŒ Environment: production
Stopping Container
